// Jest Snapshot v1, https://goo.gl/fbAQLP

exports[`DataPreview correctly prepares pivoted data with aggregation and summing and handles non-numeric values 1`] = `
{
  "data": [
    {
      "CHART_DATE": "2020-05-01",
      "Federal Bank": 1010.1010000000001,
      "Medical Safe": 3020202,
      "record_calendar_year__record_calendar_month": "May 2020",
    },
    {
      "CHART_DATE": "2020-04-01",
      "Federal Bank": "1000.0001",
      "Medical Safe": 3000000.7,
      "record_calendar_year__record_calendar_month": "Apr 2020",
    },
  ],
  "meta": {
    "dataTypes": {
      "Federal Bank": "CURRENCY",
      "Medical Safe": "CURRENCY",
      "record_calendar_year__record_calendar_month": "AGGREGATION_DATE",
    },
    "labels": {
      "Federal Bank": "Federal Bank",
      "Medical Safe": "Medical Safe",
      "record_calendar_year__record_calendar_month": "Time Period",
    },
  },
  "pivotApplied": "By Classification:cost",
}
`;

exports[`DataPreview correctly prepares pivoted data without aggregation 1`] = `
{
  "data": [
    {
      "Federal Financing Bank": "2.685",
      "Total Marketable": "1.964",
      "Treasury Bills": "0.596",
      "Treasury Bonds": "3.764",
      "Treasury Floating Rate Note (FRN)": "0.285",
      "Treasury Inflation-Protected Securities (TIPS)": "0.751",
      "Treasury Notes": "2.069",
      "reporting_date": "2020-04-30",
    },
    {
      "Federal Financing Bank": "2.385",
      "Total Marketable": "1.264",
      "Treasury Bills": "1.596",
      "Treasury Bonds": "3.164",
      "Treasury Nickels": "3.864",
      "reporting_date": "2020-05-31",
    },
  ],
  "meta": {
    "dataTypes": {
      "Federal Financing Bank": "PERCENTAGE",
      "Total Marketable": "PERCENTAGE",
      "Treasury Bills": "PERCENTAGE",
      "Treasury Bonds": "PERCENTAGE",
      "Treasury Floating Rate Note (FRN)": "PERCENTAGE",
      "Treasury Inflation-Protected Securities (TIPS)": "PERCENTAGE",
      "Treasury Nickels": "PERCENTAGE",
      "Treasury Notes": "PERCENTAGE",
      "reporting_date": "DATE",
    },
    "labels": {
      "Federal Financing Bank": "Federal Financing Bank",
      "Total Marketable": "Total Marketable",
      "Treasury Bills": "Treasury Bills",
      "Treasury Bonds": "Treasury Bonds",
      "Treasury Floating Rate Note (FRN)": "Treasury Floating Rate Note (FRN)",
      "Treasury Inflation-Protected Securities (TIPS)": "Treasury Inflation-Protected Securities (TIPS)",
      "Treasury Nickels": "Treasury Nickels",
      "Treasury Notes": "Treasury Notes",
      "reporting_date": "Calendar Date",
    },
  },
  "pivotApplied": "by sec type:avg_interest_rate_amt",
}
`;

exports[`DataPreview pivot functionality correctly prepares pivoted data with aggregation and summing and handles non-numeric values 1`] = `
{
  "data": [
    {
      "CHART_DATE": "2020-05-01",
      "Federal Bank": 1010.1010000000001,
      "Medical Safe": 3020202,
      "record_calendar_year__record_calendar_month": "May 2020",
    },
    {
      "CHART_DATE": "2020-04-01",
      "Federal Bank": "1000.0001",
      "Medical Safe": 3000000.7,
      "record_calendar_year__record_calendar_month": "Apr 2020",
    },
  ],
  "meta": {
    "dataTypes": {
      "Federal Bank": "CURRENCY",
      "Medical Safe": "CURRENCY",
      "record_calendar_year__record_calendar_month": "AGGREGATION_DATE",
    },
    "labels": {
      "Federal Bank": "Federal Bank",
      "Medical Safe": "Medical Safe",
      "record_calendar_year__record_calendar_month": "Time Period",
    },
  },
  "pivotApplied": "By Classification:cost",
}
`;

exports[`DataPreview pivot functionality correctly prepares pivoted data without aggregation 1`] = `
{
  "data": [
    {
      "Federal Financing Bank": "2.685",
      "Total Marketable": "1.964",
      "Treasury Bills": "0.596",
      "Treasury Bonds": "3.764",
      "Treasury Floating Rate Note (FRN)": "0.285",
      "Treasury Inflation-Protected Securities (TIPS)": "0.751",
      "Treasury Notes": "2.069",
      "reporting_date": "2020-04-30",
    },
    {
      "Federal Financing Bank": "2.385",
      "Total Marketable": "1.264",
      "Treasury Bills": "1.596",
      "Treasury Bonds": "3.164",
      "Treasury Nickels": "3.864",
      "reporting_date": "2020-05-31",
    },
  ],
  "meta": {
    "dataTypes": {
      "Federal Financing Bank": "PERCENTAGE",
      "Total Marketable": "PERCENTAGE",
      "Treasury Bills": "PERCENTAGE",
      "Treasury Bonds": "PERCENTAGE",
      "Treasury Floating Rate Note (FRN)": "PERCENTAGE",
      "Treasury Inflation-Protected Securities (TIPS)": "PERCENTAGE",
      "Treasury Nickels": "PERCENTAGE",
      "Treasury Notes": "PERCENTAGE",
      "reporting_date": "DATE",
    },
    "labels": {
      "Federal Financing Bank": "Federal Financing Bank",
      "Total Marketable": "Total Marketable",
      "Treasury Bills": "Treasury Bills",
      "Treasury Bonds": "Treasury Bonds",
      "Treasury Floating Rate Note (FRN)": "Treasury Floating Rate Note (FRN)",
      "Treasury Inflation-Protected Securities (TIPS)": "Treasury Inflation-Protected Securities (TIPS)",
      "Treasury Nickels": "Treasury Nickels",
      "Treasury Notes": "Treasury Notes",
      "reporting_date": "Calendar Date",
    },
  },
  "pivotApplied": "by sec type:avg_interest_rate_amt",
}
`;
