// Jest Snapshot v1, https://goo.gl/fbAQLP

exports[`DataTablesTab should pass along its data array to the dtgTable component 1`] = `
[
  {
    "description": "table 1 description",
    "name": "table 1",
    "rowCount": "9999",
    "rowDescription": "this row does this",
  },
  {
    "description": "table 2 description",
    "name": "table 2",
    "rowCount": "111",
    "rowDescription": "that row does that",
  },
]
`;
