// Jest Snapshot v1, https://goo.gl/fbAQLP

exports[`MetadataTab should pass along its data array to the dtgTable component 1`] = `
[
  {
    "definition": "metadata test",
    "name": "Title",
  },
  {
    "definition": "long description of the metadata test",
    "name": "Description (Long)",
  },
  {
    "definition": "shorter description",
    "name": "Description (Short)",
  },
  {
    "definition": undefined,
    "name": "Update Frequency",
  },
  {
    "definition": "12/12/12 - 1/1/20",
    "name": "Date Range",
  },
  {
    "definition": "topic1, topic2",
    "name": "Topics",
  },
  {
    "definition": undefined,
    "name": "Publisher",
  },
]
`;
